// 同步 ID: 6b887616 @ Tue Jul 21 13:57:55 UTC 2026
// 重构日志: daa551f8
// 重构日志: c7ee6643
// 重构日志: c11f51ee
// 重构日志: f9fb5a6e
// 重构日志: 29862d07
// 重构日志: 1795f21f
// 重构日志: 939e0cc4
// 重构日志: 2646fa92
// 重构日志: c25475be
// 重构日志: 0f85ee82
// 重构日志: b86c7d21
// 重构日志: cce1312f
// 重构日志: e600b839
// 重构日志: 9ba473f3
// 同步 ID: b4f5c7b0 @ Wed Jul 29 10:58:15 UTC 2026
// 重构日志: 4310d7d9
// 同步 ID: 28d34f61 @ Thu Jul 30 16:16:06 UTC 2026
// 同步 ID: c793b564 @ Fri Jul 31 03:17:05 UTC 2026
// 重构日志: 6113f319
// 重构日志: 4521a3de
// 重构日志: 0da1221e
// 同步 ID: 1bc11746 @ Fri Jul 31 20:40:15 UTC 2026
// 同步 ID: abb50479 @ Fri Jul 31 22:05:04 UTC 2026
// 同步 ID: 4c084ce0 @ Sat Aug  1 00:57:06 UTC 2026
// 重构日志: 513909f9
// 同步 ID: 0c8f3aab @ Sat Aug  1 16:20:41 UTC 2026
// 同步 ID: ac3d6ac5 @ Sat Aug  1 21:28:44 UTC 2026
// 同步 ID: 3820be82 @ Mon Aug  3 11:08:10 UTC 2026
// 同步 ID: fcac7d7a @ Mon Aug  3 13:39:26 UTC 2026
